Interpreter error: attempted to divide by zero at line 4, column 17