Interpreter error: Count must be greater or equal to 0 at line 4, column 23